Archive member included to satisfy reference by file (symbol)

d:/programdata/stm32cube/gcc-arm-none-eabi-10.3-2021.10/bin/../lib/gcc/arm-none-eabi/10.3.1/thumb/v7-m/nofp\libgcc.a(_arm_addsubsf3.o)
                              CMakeFiles/STM32F103C8T6_WS2812.elf.dir/USER/BSP/ws2812.c.obj (__aeabi_fsub)
d:/programdata/stm32cube/gcc-arm-none-eabi-10.3-2021.10/bin/../lib/gcc/arm-none-eabi/10.3.1/thumb/v7-m/nofp\libgcc.a(_arm_muldivsf3.o)
                              CMakeFiles/STM32F103C8T6_WS2812.elf.dir/USER/BSP/ws2812.c.obj (__aeabi_fdiv)
d:/programdata/stm32cube/gcc-arm-none-eabi-10.3-2021.10/bin/../lib/gcc/arm-none-eabi/10.3.1/thumb/v7-m/nofp\libgcc.a(_arm_cmpsf2.o)
                              CMakeFiles/STM32F103C8T6_WS2812.elf.dir/USER/BSP/ws2812.c.obj (__aeabi_fcmpeq)
d:/programdata/stm32cube/gcc-arm-none-eabi-10.3-2021.10/bin/../lib/gcc/arm-none-eabi/10.3.1/thumb/v7-m/nofp\libgcc.a(_arm_fixunssfsi.o)
                              CMakeFiles/STM32F103C8T6_WS2812.elf.dir/USER/BSP/ws2812.c.obj (__aeabi_f2uiz)
d:/programdata/stm32cube/gcc-arm-none-eabi-10.3-2021.10/bin/../lib/gcc/arm-none-eabi/10.3.1/../../../../arm-none-eabi/lib/thumb/v7-m/nofp\libg.a(lib_a-errno.o)
                              CMakeFiles/STM32F103C8T6_WS2812.elf.dir/Core/Src/syscalls.c.obj (__errno)
d:/programdata/stm32cube/gcc-arm-none-eabi-10.3-2021.10/bin/../lib/gcc/arm-none-eabi/10.3.1/../../../../arm-none-eabi/lib/thumb/v7-m/nofp\libg.a(lib_a-exit.o)
                              d:/programdata/stm32cube/gcc-arm-none-eabi-10.3-2021.10/bin/../lib/gcc/arm-none-eabi/10.3.1/../../../../arm-none-eabi/lib/thumb/v7-m/nofp/crt0.o (exit)
d:/programdata/stm32cube/gcc-arm-none-eabi-10.3-2021.10/bin/../lib/gcc/arm-none-eabi/10.3.1/../../../../arm-none-eabi/lib/thumb/v7-m/nofp\libg.a(lib_a-impure.o)
                              d:/programdata/stm32cube/gcc-arm-none-eabi-10.3-2021.10/bin/../lib/gcc/arm-none-eabi/10.3.1/../../../../arm-none-eabi/lib/thumb/v7-m/nofp\libg.a(lib_a-exit.o) (_global_impure_ptr)
d:/programdata/stm32cube/gcc-arm-none-eabi-10.3-2021.10/bin/../lib/gcc/arm-none-eabi/10.3.1/../../../../arm-none-eabi/lib/thumb/v7-m/nofp\libg.a(lib_a-init.o)
                              d:/programdata/stm32cube/gcc-arm-none-eabi-10.3-2021.10/bin/../lib/gcc/arm-none-eabi/10.3.1/../../../../arm-none-eabi/lib/thumb/v7-m/nofp/crt0.o (__libc_init_array)
d:/programdata/stm32cube/gcc-arm-none-eabi-10.3-2021.10/bin/../lib/gcc/arm-none-eabi/10.3.1/../../../../arm-none-eabi/lib/thumb/v7-m/nofp\libg.a(lib_a-memset.o)
                              d:/programdata/stm32cube/gcc-arm-none-eabi-10.3-2021.10/bin/../lib/gcc/arm-none-eabi/10.3.1/../../../../arm-none-eabi/lib/thumb/v7-m/nofp/crt0.o (memset)
d:/programdata/stm32cube/gcc-arm-none-eabi-10.3-2021.10/bin/../lib/gcc/arm-none-eabi/10.3.1/../../../../arm-none-eabi/lib/thumb/v7-m/nofp\libg.a(lib_a-__call_atexit.o)
                              d:/programdata/stm32cube/gcc-arm-none-eabi-10.3-2021.10/bin/../lib/gcc/arm-none-eabi/10.3.1/../../../../arm-none-eabi/lib/thumb/v7-m/nofp\libg.a(lib_a-exit.o) (__call_exitprocs)
d:/programdata/stm32cube/gcc-arm-none-eabi-10.3-2021.10/bin/../lib/gcc/arm-none-eabi/10.3.1/../../../../arm-none-eabi/lib/thumb/v7-m/nofp\libg.a(lib_a-atexit.o)
                              d:/programdata/stm32cube/gcc-arm-none-eabi-10.3-2021.10/bin/../lib/gcc/arm-none-eabi/10.3.1/../../../../arm-none-eabi/lib/thumb/v7-m/nofp\libg.a(lib_a-__call_atexit.o) (atexit)
d:/programdata/stm32cube/gcc-arm-none-eabi-10.3-2021.10/bin/../lib/gcc/arm-none-eabi/10.3.1/../../../../arm-none-eabi/lib/thumb/v7-m/nofp\libg.a(lib_a-fini.o)
                              d:/programdata/stm32cube/gcc-arm-none-eabi-10.3-2021.10/bin/../lib/gcc/arm-none-eabi/10.3.1/../../../../arm-none-eabi/lib/thumb/v7-m/nofp\libg.a(lib_a-__call_atexit.o) (__libc_fini_array)
d:/programdata/stm32cube/gcc-arm-none-eabi-10.3-2021.10/bin/../lib/gcc/arm-none-eabi/10.3.1/../../../../arm-none-eabi/lib/thumb/v7-m/nofp\libg.a(lib_a-lock.o)
                              d:/programdata/stm32cube/gcc-arm-none-eabi-10.3-2021.10/bin/../lib/gcc/arm-none-eabi/10.3.1/../../../../arm-none-eabi/lib/thumb/v7-m/nofp\libg.a(lib_a-__call_atexit.o) (__retarget_lock_acquire_recursive)
d:/programdata/stm32cube/gcc-arm-none-eabi-10.3-2021.10/bin/../lib/gcc/arm-none-eabi/10.3.1/../../../../arm-none-eabi/lib/thumb/v7-m/nofp\libg.a(lib_a-__atexit.o)
                              d:/programdata/stm32cube/gcc-arm-none-eabi-10.3-2021.10/bin/../lib/gcc/arm-none-eabi/10.3.1/../../../../arm-none-eabi/lib/thumb/v7-m/nofp\libg.a(lib_a-atexit.o) (__register_exitproc)

Discarded input sections

 .text          0x00000000        0x0 d:/programdata/stm32cube/gcc-arm-none-eabi-10.3-2021.10/bin/../lib/gcc/arm-none-eabi/10.3.1/thumb/v7-m/nofp/crti.o
 .data          0x00000000        0x0 d:/programdata/stm32cube/gcc-arm-none-eabi-10.3-2021.10/bin/../lib/gcc/arm-none-eabi/10.3.1/thumb/v7-m/nofp/crti.o
[...]
Memory Configuration

Name             Origin             Length             Attributes
RAM              0x20000000         0x00005000         xrw
FLASH            0x08000000         0x00010000         xr
*default*        0x00000000         0xffffffff

Linker script and memory map

LOAD d:/programdata/stm32cube/gcc-arm-none-eabi-10.3-2021.10/bin/../lib/gcc/arm-none-eabi/10.3.1/thumb/v7-m/nofp/crti.o
LOAD d:/programdata/stm32cube/gcc-arm-none-eabi-10.3-2021.10/bin/../lib/gcc/arm-none-eabi/10.3.1/thumb/v7-m/nofp/crtbegin.o
LOAD d:/programdata/stm32cube/gcc-arm-none-eabi-10.3-2021.10/bin/../lib/gcc/arm-none-eabi/10.3.1/../../../../arm-none-eabi/lib/thumb/v7-m/nofp/crt0.o
LOAD CMakeFiles/STM32F103C8T6_WS2812.elf.dir/Core/Src/dma.c.obj
LOAD CMakeFiles/STM32F103C8T6_WS2812.elf.dir/Core/Src/gpio.c.obj
LOAD CMakeFiles/STM32F103C8T6_WS2812.elf.dir/Core/Src/main.c.obj
LOAD CMakeFiles/STM32F103C8T6_WS2812.elf.dir/Core/Src/spi.c.obj
LOAD CMakeFiles/STM32F103C8T6_WS2812.elf.dir/Core/Src/stm32f1xx_hal_msp.c.obj
LOAD CMakeFiles/STM32F103C8T6_WS2812.elf.dir/Core/Src/stm32f1xx_it.c.obj
LOAD CMakeFiles/STM32F103C8T6_WS2812.elf.dir/Core/Src/syscalls.c.obj
LOAD CMakeFiles/STM32F103C8T6_WS2812.elf.dir/Core/Src/sysmem.c.obj
LOAD CMakeFiles/STM32F103C8T6_WS2812.elf.dir/Core/Src/system_stm32f1xx.c.obj
LOAD CMakeFiles/STM32F103C8T6_WS2812.elf.dir/Core/Startup/startup_stm32f103c8tx.s.obj
LOAD CMakeFiles/STM32F103C8T6_WS2812.elf.dir/Drivers/STM32F1xx_HAL_Driver/Src/stm32f1xx_hal.c.obj
LOAD CMakeFiles/STM32F103C8T6_WS2812.elf.dir/Drivers/STM32F1xx_HAL_Driver/Src/stm32f1xx_hal_cortex.c.obj
LOAD CMakeFiles/STM32F103C8T6_WS2812.elf.dir/Drivers/STM32F1xx_HAL_Driver/Src/stm32f1xx_hal_dma.c.obj
LOAD CMakeFiles/STM32F103C8T6_WS2812.elf.dir/Drivers/STM32F1xx_HAL_Driver/Src/stm32f1xx_hal_exti.c.obj
LOAD CMakeFiles/STM32F103C8T6_WS2812.elf.dir/Drivers/STM32F1xx_HAL_Driver/Src/stm32f1xx_hal_flash.c.obj
LOAD CMakeFiles/STM32F103C8T6_WS2812.elf.dir/Drivers/STM32F1xx_HAL_Driver/Src/stm32f1xx_hal_flash_ex.c.obj
LOAD CMakeFiles/STM32F103C8T6_WS2812.elf.dir/Drivers/STM32F1xx_HAL_Driver/Src/stm32f1xx_hal_gpio.c.obj
LOAD CMakeFiles/STM32F103C8T6_WS2812.elf.dir/Drivers/STM32F1xx_HAL_Driver/Src/stm32f1xx_hal_gpio_ex.c.obj
LOAD CMakeFiles/STM32F103C8T6_WS2812.elf.dir/Drivers/STM32F1xx_HAL_Driver/Src/stm32f1xx_hal_pwr.c.obj
LOAD CMakeFiles/STM32F103C8T6_WS2812.elf.dir/Drivers/STM32F1xx_HAL_Driver/Src/stm32f1xx_hal_rcc.c.obj
LOAD CMakeFiles/STM32F103C8T6_WS2812.elf.dir/Drivers/STM32F1xx_HAL_Driver/Src/stm32f1xx_hal_rcc_ex.c.obj
LOAD CMakeFiles/STM32F103C8T6_WS2812.elf.dir/Drivers/STM32F1xx_HAL_Driver/Src/stm32f1xx_hal_spi.c.obj
LOAD CMakeFiles/STM32F103C8T6_WS2812.elf.dir/Drivers/STM32F1xx_HAL_Driver/Src/stm32f1xx_hal_tim.c.obj
LOAD CMakeFiles/STM32F103C8T6_WS2812.elf.dir/Drivers/STM32F1xx_HAL_Driver/Src/stm32f1xx_hal_tim_ex.c.obj
LOAD CMakeFiles/STM32F103C8T6_WS2812.elf.dir/USER/BSP/ws2812.c.obj
START GROUP
LOAD d:/programdata/stm32cube/gcc-arm-none-eabi-10.3-2021.10/bin/../lib/gcc/arm-none-eabi/10.3.1/thumb/v7-m/nofp\libgcc.a
LOAD d:/programdata/stm32cube/gcc-arm-none-eabi-10.3-2021.10/bin/../lib/gcc/arm-none-eabi/10.3.1/../../../../arm-none-eabi/lib/thumb/v7-m/nofp\libg.a
LOAD d:/programdata/stm32cube/gcc-arm-none-eabi-10.3-2021.10/bin/../lib/gcc/arm-none-eabi/10.3.1/../../../../arm-none-eabi/lib/thumb/v7-m/nofp\libc.a
END GROUP
LOAD d:/programdata/stm32cube/gcc-arm-none-eabi-10.3-2021.10/bin/../lib/gcc/arm-none-eabi/10.3.1/thumb/v7-m/nofp/crtend.o
LOAD d:/programdata/stm32cube/gcc-arm-none-eabi-10.3-2021.10/bin/../lib/gcc/arm-none-eabi/10.3.1/thumb/v7-m/nofp/crtn.o
                0x20005000                _estack = (ORIGIN (RAM) + LENGTH (RAM))
                0x00000200                _Min_Heap_Size = 0x200
                0x00000400                _Min_Stack_Size = 0x400

.isr_vector     0x08000000      0x10c
                0x08000000                . = ALIGN (0x4)
 *(.isr_vector)
 .isr_vector    0x08000000      0x10c CMakeFiles/STM32F103C8T6_WS2812.elf.dir/Core/Startup/startup_stm32f103c8tx.s.obj
                0x08000000                g_pfnVectors
                0x0800010c                . = ALIGN (0x4)

.text           0x0800010c     0x1e68
                0x0800010c                . = ALIGN (0x4)
 *(.text)
 .text          0x0800010c       0x40 d:/programdata/stm32cube/gcc-arm-none-eabi-10.3-2021.10/bin/../lib/gcc/arm-none-eabi/10.3.1/thumb/v7-m/nofp/crtbegin.o
 .text          0x0800014c      0x21c d:/programdata/stm32cube/gcc-arm-none-eabi-10.3-2021.10/bin/../lib/gcc/arm-none-eabi/10.3.1/thumb/v7-m/nofp\libgcc.a(_arm_addsubsf3.o)
                0x0800014c                __aeabi_frsub
                0x08000154                __subsf3
                0x08000154                __aeabi_fsub
                0x08000158                __aeabi_fadd
                0x08000158                __addsf3
                0x080002b8                __aeabi_ui2f
                0x080002b8                __floatunsisf
                0x080002c0                __aeabi_i2f
                0x080002c0                __floatsisf
                0x080002dc                __aeabi_ul2f
                0x080002dc                __floatundisf
                0x080002ec                __aeabi_l2f
                0x080002ec                __floatdisf
 .text          0x08000368      0x2a0 d:/programdata/stm32cube/gcc-arm-none-eabi-10.3-2021.10/bin/../lib/gcc/arm-none-eabi/10.3.1/thumb/v7-m/nofp\libgcc.a(_arm_muldivsf3.o)
                0x08000368                __mulsf3
                0x08000368                __aeabi_fmul
                0x080004d0                __aeabi_fdiv
                0x080004d0                __divsf3
 .text          0x08000608       0x40 d:/programdata/stm32cube/gcc-arm-none-eabi-10.3-2021.10/bin/../lib/gcc/arm-none-eabi/10.3.1/thumb/v7-m/nofp\libgcc.a(_arm_fixunssfsi.o)
                0x08000608                __fixunssfsi
                0x08000608                __aeabi_f2uiz
 *(.text*)
 .text.MX_DMA_Init
                0x08000648       0x34 CMakeFiles/STM32F103C8T6_WS2812.elf.dir/Core/Src/dma.c.obj
                0x08000648                MX_DMA_Init
 .text.MX_GPIO_Init
                0x0800067c       0x30 CMakeFiles/STM32F103C8T6_WS2812.elf.dir/Core/Src/gpio.c.obj
                0x0800067c                MX_GPIO_Init
 .text.Error_Handler
                0x080006ac        0x4 CMakeFiles/STM32F103C8T6_WS2812.elf.dir/Core/Src/main.c.obj
                0x080006ac                Error_Handler
 .text.SystemClock_Config
                0x080006b0       0x66 CMakeFiles/STM32F103C8T6_WS2812.elf.dir/Core/Src/main.c.obj
                0x080006b0                SystemClock_Config
 *fill*         0x08000716        0x2 
 .text.main     0x08000718       0x40 CMakeFiles/STM32F103C8T6_WS2812.elf.dir/Core/Src/main.c.obj
                0x08000718                main
 .text.MX_SPI1_Init
                0x08000758       0x48 CMakeFiles/STM32F103C8T6_WS2812.elf.dir/Core/Src/spi.c.obj
                0x08000758                MX_SPI1_Init
 .text.HAL_SPI_MspInit
                0x080007a0       0x98 CMakeFiles/STM32F103C8T6_WS2812.elf.dir/Core/Src/spi.c.obj
                0x080007a0                HAL_SPI_MspInit
 .text.HAL_MspInit
                0x08000838       0x44 CMakeFiles/STM32F103C8T6_WS2812.elf.dir/Core/Src/stm32f1xx_hal_msp.c.obj
                0x08000838                HAL_MspInit
 .text.NMI_Handler
                0x0800087c        0x2 CMakeFiles/STM32F103C8T6_WS2812.elf.dir/Core/Src/stm32f1xx_it.c.obj
                0x0800087c                NMI_Handler
 .text.HardFault_Handler
                0x0800087e        0x2 CMakeFiles/STM32F103C8T6_WS2812.elf.dir/Core/Src/stm32f1xx_it.c.obj
                0x0800087e                HardFault_Handler
 .text.MemManage_Handler
                0x08000880        0x2 CMakeFiles/STM32F103C8T6_WS2812.elf.dir/Core/Src/stm32f1xx_it.c.obj
                0x08000880                MemManage_Handler
 .text.BusFault_Handler
                0x08000882        0x2 CMakeFiles/STM32F103C8T6_WS2812.elf.dir/Core/Src/stm32f1xx_it.c.obj
                0x08000882                BusFault_Handler
 .text.UsageFault_Handler
                0x08000884        0x2 CMakeFiles/STM32F103C8T6_WS2812.elf.dir/Core/Src/stm32f1xx_it.c.obj
                0x08000884                UsageFault_Handler
 .text.SVC_Handler
                0x08000886        0x2 CMakeFiles/STM32F103C8T6_WS2812.elf.dir/Core/Src/stm32f1xx_it.c.obj
                0x08000886                SVC_Handler
 .text.DebugMon_Handler
                0x08000888        0x2 CMakeFiles/STM32F103C8T6_WS2812.elf.dir/Core/Src/stm32f1xx_it.c.obj
                0x08000888                DebugMon_Handler
 .text.PendSV_Handler
                0x0800088a        0x2 CMakeFiles/STM32F103C8T6_WS2812.elf.dir/Core/Src/stm32f1xx_it.c.obj
                0x0800088a                PendSV_Handler
 .text.SysTick_Handler
                0x0800088c        0x8 CMakeFiles/STM32F103C8T6_WS2812.elf.dir/Core/Src/stm32f1xx_it.c.obj
                0x0800088c                SysTick_Handler
 .text.DMA1_Channel3_IRQHandler
                0x08000894       0x10 CMakeFiles/STM32F103C8T6_WS2812.elf.dir/Core/Src/stm32f1xx_it.c.obj
                0x08000894                DMA1_Channel3_IRQHandler
 .text.SystemInit
                0x080008a4        0x2 CMakeFiles/STM32F103C8T6_WS2812.elf.dir/Core/Src/system_stm32f1xx.c.obj
                0x080008a4                SystemInit
 *fill*         0x080008a6        0x2 
 .text.Reset_Handler
                0x080008a8       0x48 CMakeFiles/STM32F103C8T6_WS2812.elf.dir/Core/Startup/startup_stm32f103c8tx.s.obj
                0x080008a8                Reset_Handler
 .text.Default_Handler
                0x080008f0        0x2 CMakeFiles/STM32F103C8T6_WS2812.elf.dir/Core/Startup/startup_stm32f103c8tx.s.obj
                0x080008f0                RTC_Alarm_IRQHandler
                0x080008f0                EXTI2_IRQHandler
                0x080008f0                TIM1_CC_IRQHandler
                0x080008f0                PVD_IRQHandler
                0x080008f0                EXTI3_IRQHandler
                0x080008f0                EXTI0_IRQHandler
                0x080008f0                I2C2_EV_IRQHandler
                0x080008f0                ADC1_2_IRQHandler
                0x080008f0                SPI1_IRQHandler
                0x080008f0                TAMPER_IRQHandler
                0x080008f0                DMA1_Channel4_IRQHandler
                0x080008f0                USART3_IRQHandler
                0x080008f0                RTC_IRQHandler
                0x080008f0                DMA1_Channel7_IRQHandler
                0x080008f0                CAN1_RX1_IRQHandler
                0x080008f0                TIM4_IRQHandler
                0x080008f0                I2C1_EV_IRQHandler
                0x080008f0                DMA1_Channel6_IRQHandler
                0x080008f0                TIM3_IRQHandler
                0x080008f0                RCC_IRQHandler
                0x080008f0                TIM1_TRG_COM_IRQHandler
                0x080008f0                DMA1_Channel1_IRQHandler
                0x080008f0                Default_Handler
                0x080008f0                EXTI15_10_IRQHandler
                0x080008f0                EXTI9_5_IRQHandler
                0x080008f0                SPI2_IRQHandler
                0x080008f0                DMA1_Channel5_IRQHandler
                0x080008f0                EXTI4_IRQHandler
                0x080008f0                USB_LP_CAN1_RX0_IRQHandler
                0x080008f0                USB_HP_CAN1_TX_IRQHandler
                0x080008f0                TIM1_UP_IRQHandler
                0x080008f0                WWDG_IRQHandler
                0x080008f0                TIM2_IRQHandler
                0x080008f0                TIM1_BRK_IRQHandler
                0x080008f0                EXTI1_IRQHandler
                0x080008f0                USART2_IRQHandler
                0x080008f0                I2C2_ER_IRQHandler
                0x080008f0                DMA1_Channel2_IRQHandler
                0x080008f0                CAN1_SCE_IRQHandler
                0x080008f0                FLASH_IRQHandler
                0x080008f0                USART1_IRQHandler
                0x080008f0                I2C1_ER_IRQHandler
                0x080008f0                USBWakeUp_IRQHandler
 *fill*         0x080008f2        0x2 
 .text.HAL_InitTick
                0x080008f4       0x4c CMakeFiles/STM32F103C8T6_WS2812.elf.dir/Drivers/STM32F1xx_HAL_Driver/Src/stm32f1xx_hal.c.obj
                0x080008f4                HAL_InitTick
 .text.HAL_Init
                0x08000940       0x24 CMakeFiles/STM32F103C8T6_WS2812.elf.dir/Drivers/STM32F1xx_HAL_Driver/Src/stm32f1xx_hal.c.obj
                0x08000940                HAL_Init
 .text.HAL_IncTick
                0x08000964       0x18 CMakeFiles/STM32F103C8T6_WS2812.elf.dir/Drivers/STM32F1xx_HAL_Driver/Src/stm32f1xx_hal.c.obj
                0x08000964                HAL_IncTick
 .text.HAL_GetTick
                0x0800097c        0xc CMakeFiles/STM32F103C8T6_WS2812.elf.dir/Drivers/STM32F1xx_HAL_Driver/Src/stm32f1xx_hal.c.obj
                0x0800097c                HAL_GetTick
 .text.HAL_Delay
                0x08000988       0x28 CMakeFiles/STM32F103C8T6_WS2812.elf.dir/Drivers/STM32F1xx_HAL_Driver/Src/stm32f1xx_hal.c.obj
                0x08000988                HAL_Delay
 .text.HAL_NVIC_SetPriorityGrouping
                0x080009b0       0x24 CMakeFiles/STM32F103C8T6_WS2812.elf.dir/Drivers/STM32F1xx_HAL_Driver/Src/stm32f1xx_hal_cortex.c.obj
                0x080009b0                HAL_NVIC_SetPriorityGrouping
 .text.HAL_NVIC_SetPriority
                0x080009d4       0x70 CMakeFiles/STM32F103C8T6_WS2812.elf.dir/Drivers/STM32F1xx_HAL_Driver/Src/stm32f1xx_hal_cortex.c.obj
                0x080009d4                HAL_NVIC_SetPriority
 .text.HAL_NVIC_EnableIRQ
                0x08000a44       0x1c CMakeFiles/STM32F103C8T6_WS2812.elf.dir/Drivers/STM32F1xx_HAL_Driver/Src/stm32f1xx_hal_cortex.c.obj
                0x08000a44                HAL_NVIC_EnableIRQ
 .text.HAL_SYSTICK_Config
                0x08000a60       0x28 CMakeFiles/STM32F103C8T6_WS2812.elf.dir/Drivers/STM32F1xx_HAL_Driver/Src/stm32f1xx_hal_cortex.c.obj
                0x08000a60                HAL_SYSTICK_Config
 .text.DMA_SetConfig
                0x08000a88       0x2c CMakeFiles/STM32F103C8T6_WS2812.elf.dir/Drivers/STM32F1xx_HAL_Driver/Src/stm32f1xx_hal_dma.c.obj
 .text.HAL_DMA_Init
                0x08000ab4       0x6c CMakeFiles/STM32F103C8T6_WS2812.elf.dir/Drivers/STM32F1xx_HAL_Driver/Src/stm32f1xx_hal_dma.c.obj
                0x08000ab4                HAL_DMA_Init
 .text.HAL_DMA_Start_IT
                0x08000b20       0x76 CMakeFiles/STM32F103C8T6_WS2812.elf.dir/Drivers/STM32F1xx_HAL_Driver/Src/stm32f1xx_hal_dma.c.obj
                0x08000b20                HAL_DMA_Start_IT
 *fill*         0x08000b96        0x2 
 .text.HAL_DMA_IRQHandler
                0x08000b98      0x144 CMakeFiles/STM32F103C8T6_WS2812.elf.dir/Drivers/STM32F1xx_HAL_Driver/Src/stm32f1xx_hal_dma.c.obj
                0x08000b98                HAL_DMA_IRQHandler
 .text.HAL_GPIO_Init
                0x08000cdc      0x224 CMakeFiles/STM32F103C8T6_WS2812.elf.dir/Drivers/STM32F1xx_HAL_Driver/Src/stm32f1xx_hal_gpio.c.obj
                0x08000cdc                HAL_GPIO_Init
 .text.RCC_Delay
                0x08000f00       0x2c CMakeFiles/STM32F103C8T6_WS2812.elf.dir/Drivers/STM32F1xx_HAL_Driver/Src/stm32f1xx_hal_rcc.c.obj
 .text.HAL_RCC_OscConfig
                0x08000f2c      0x410 CMakeFiles/STM32F103C8T6_WS2812.elf.dir/Drivers/STM32F1xx_HAL_Driver/Src/stm32f1xx_hal_rcc.c.obj
                0x08000f2c                HAL_RCC_OscConfig
 .text.HAL_RCC_GetSysClockFreq
                0x0800133c       0x54 CMakeFiles/STM32F103C8T6_WS2812.elf.dir/Drivers/STM32F1xx_HAL_Driver/Src/stm32f1xx_hal_rcc.c.obj
                0x0800133c                HAL_RCC_GetSysClockFreq
 .text.HAL_RCC_ClockConfig
                0x08001390      0x16c CMakeFiles/STM32F103C8T6_WS2812.elf.dir/Drivers/STM32F1xx_HAL_Driver/Src/stm32f1xx_hal_rcc.c.obj
                0x08001390                HAL_RCC_ClockConfig
 .text.SPI_WaitFlagStateUntilTimeout
                0x080014fc       0xd4 CMakeFiles/STM32F103C8T6_WS2812.elf.dir/Drivers/STM32F1xx_HAL_Driver/Src/stm32f1xx_hal_spi.c.obj
 .text.SPI_EndRxTxTransaction
                0x080015d0       0x24 CMakeFiles/STM32F103C8T6_WS2812.elf.dir/Drivers/STM32F1xx_HAL_Driver/Src/stm32f1xx_hal_spi.c.obj
 .text.HAL_SPI_Init
                0x080015f4       0xb6 CMakeFiles/STM32F103C8T6_WS2812.elf.dir/Drivers/STM32F1xx_HAL_Driver/Src/stm32f1xx_hal_spi.c.obj
                0x080015f4                HAL_SPI_Init
 *fill*         0x080016aa        0x2 
 .text.HAL_SPI_Transmit_DMA
                0x080016ac       0xd8 CMakeFiles/STM32F103C8T6_WS2812.elf.dir/Drivers/STM32F1xx_HAL_Driver/Src/stm32f1xx_hal_spi.c.obj
                0x080016ac                HAL_SPI_Transmit_DMA
 .text.HAL_SPI_TxCpltCallback
                0x08001784        0x2 CMakeFiles/STM32F103C8T6_WS2812.elf.dir/Drivers/STM32F1xx_HAL_Driver/Src/stm32f1xx_hal_spi.c.obj
                0x08001784                HAL_SPI_TxCpltCallback
 .text.HAL_SPI_TxHalfCpltCallback
                0x08001786        0x2 CMakeFiles/STM32F103C8T6_WS2812.elf.dir/Drivers/STM32F1xx_HAL_Driver/Src/stm32f1xx_hal_spi.c.obj
                0x08001786                HAL_SPI_TxHalfCpltCallback
 .text.SPI_DMAHalfTransmitCplt
                0x08001788        0xa CMakeFiles/STM32F103C8T6_WS2812.elf.dir/Drivers/STM32F1xx_HAL_Driver/Src/stm32f1xx_hal_spi.c.obj
 .text.HAL_SPI_ErrorCallback
                0x08001792        0x2 CMakeFiles/STM32F103C8T6_WS2812.elf.dir/Drivers/STM32F1xx_HAL_Driver/Src/stm32f1xx_hal_spi.c.obj
                0x08001792                HAL_SPI_ErrorCallback
 .text.SPI_DMAError
                0x08001794       0x22 CMakeFiles/STM32F103C8T6_WS2812.elf.dir/Drivers/STM32F1xx_HAL_Driver/Src/stm32f1xx_hal_spi.c.obj
 .text.SPI_DMATransmitCplt
                0x080017b6       0x70 CMakeFiles/STM32F103C8T6_WS2812.elf.dir/Drivers/STM32F1xx_HAL_Driver/Src/stm32f1xx_hal_spi.c.obj
 *fill*         0x08001826        0x2 
 .text.RGB_Set_Color
                0x08001828       0x94 CMakeFiles/STM32F103C8T6_WS2812.elf.dir/USER/BSP/ws2812.c.obj
                0x08001828                RGB_Set_Color
 .text.RGB_Reflash
                0x080018bc       0x1c CMakeFiles/STM32F103C8T6_WS2812.elf.dir/USER/BSP/ws2812.c.obj
                0x080018bc                RGB_Reflash
 .text.RGB_BLACK
                0x080018d8       0x24 CMakeFiles/STM32F103C8T6_WS2812.elf.dir/USER/BSP/ws2812.c.obj
                0x080018d8                RGB_BLACK
 .text.ws2812_5
                0x080018fc      0x494 CMakeFiles/STM32F103C8T6_WS2812.elf.dir/USER/BSP/ws2812.c.obj
                0x080018fc                ws2812_5
 .text.__libc_init_array
                0x08001d90       0x48 d:/programdata/stm32cube/gcc-arm-none-eabi-10.3-2021.10/bin/../lib/gcc/arm-none-eabi/10.3.1/../../../../arm-none-eabi/lib/thumb/v7-m/nofp\libg.a(lib_a-init.o)
                0x08001d90                __libc_init_array
 .text.memset   0x08001dd8       0xa4 d:/programdata/stm32cube/gcc-arm-none-eabi-10.3-2021.10/bin/../lib/gcc/arm-none-eabi/10.3.1/../../../../arm-none-eabi/lib/thumb/v7-m/nofp\libg.a(lib_a-memset.o)
                0x08001dd8                memset
 .text.startup.register_fini
                0x08001e7c       0x14 d:/programdata/stm32cube/gcc-arm-none-eabi-10.3-2021.10/bin/../lib/gcc/arm-none-eabi/10.3.1/../../../../arm-none-eabi/lib/thumb/v7-m/nofp\libg.a(lib_a-__call_atexit.o)
 .text.atexit   0x08001e90        0xc d:/programdata/stm32cube/gcc-arm-none-eabi-10.3-2021.10/bin/../lib/gcc/arm-none-eabi/10.3.1/../../../../arm-none-eabi/lib/thumb/v7-m/nofp\libg.a(lib_a-atexit.o)
                0x08001e90                atexit
 .text.__libc_fini_array
                0x08001e9c       0x2c d:/programdata/stm32cube/gcc-arm-none-eabi-10.3-2021.10/bin/../lib/gcc/arm-none-eabi/10.3.1/../../../../arm-none-eabi/lib/thumb/v7-m/nofp\libg.a(lib_a-fini.o)
                0x08001e9c                __libc_fini_array
 .text.__retarget_lock_acquire_recursive
                0x08001ec8        0x4 d:/programdata/stm32cube/gcc-arm-none-eabi-10.3-2021.10/bin/../lib/gcc/arm-none-eabi/10.3.1/../../../../arm-none-eabi/lib/thumb/v7-m/nofp\libg.a(lib_a-lock.o)
                0x08001ec8                __retarget_lock_acquire_recursive
 .text.__retarget_lock_release_recursive
                0x08001ecc        0x4 d:/programdata/stm32cube/gcc-arm-none-eabi-10.3-2021.10/bin/../lib/gcc/arm-none-eabi/10.3.1/../../../../arm-none-eabi/lib/thumb/v7-m/nofp\libg.a(lib_a-lock.o)
                0x08001ecc                __retarget_lock_release_recursive
 .text.__register_exitproc
                0x08001ed0       0x8c d:/programdata/stm32cube/gcc-arm-none-eabi-10.3-2021.10/bin/../lib/gcc/arm-none-eabi/10.3.1/../../../../arm-none-eabi/lib/thumb/v7-m/nofp\libg.a(lib_a-__atexit.o)
                0x08001ed0                __register_exitproc
 *(.glue_7)
 .glue_7        0x08001f5c        0x0 linker stubs
 *(.glue_7t)
 .glue_7t       0x08001f5c        0x0 linker stubs
 *(.eh_frame)
 .eh_frame      0x08001f5c        0x0 d:/programdata/stm32cube/gcc-arm-none-eabi-10.3-2021.10/bin/../lib/gcc/arm-none-eabi/10.3.1/thumb/v7-m/nofp/crtbegin.o
 *(.init)
 .init          0x08001f5c        0x4 d:/programdata/stm32cube/gcc-arm-none-eabi-10.3-2021.10/bin/../lib/gcc/arm-none-eabi/10.3.1/thumb/v7-m/nofp/crti.o
                0x08001f5c                _init
 .init          0x08001f60        0x8 d:/programdata/stm32cube/gcc-arm-none-eabi-10.3-2021.10/bin/../lib/gcc/arm-none-eabi/10.3.1/thumb/v7-m/nofp/crtn.o
 *(.fini)
 .fini          0x08001f68        0x4 d:/programdata/stm32cube/gcc-arm-none-eabi-10.3-2021.10/bin/../lib/gcc/arm-none-eabi/10.3.1/thumb/v7-m/nofp/crti.o
                0x08001f68                _fini
 .fini          0x08001f6c        0x8 d:/programdata/stm32cube/gcc-arm-none-eabi-10.3-2021.10/bin/../lib/gcc/arm-none-eabi/10.3.1/thumb/v7-m/nofp/crtn.o
                0x08001f74                . = ALIGN (0x4)
                0x08001f74                _etext = .

.vfp11_veneer   0x08001f74        0x0
 .vfp11_veneer  0x08001f74        0x0 linker stubs

.v4_bx          0x08001f74        0x0
 .v4_bx         0x08001f74        0x0 linker stubs

.iplt           0x08001f74        0x0
 .iplt          0x08001f74        0x0 d:/programdata/stm32cube/gcc-arm-none-eabi-10.3-2021.10/bin/../lib/gcc/arm-none-eabi/10.3.1/thumb/v7-m/nofp/crtbegin.o

.rodata         0x08001f74       0x2c
                0x08001f74                . = ALIGN (0x4)
 *(.rodata)
 .rodata        0x08001f74        0x3 CMakeFiles/STM32F103C8T6_WS2812.elf.dir/Core/Src/main.c.obj
 *(.rodata*)
 *fill*         0x08001f77        0x1 
 .rodata.AHBPrescTable
                0x08001f78       0x10 CMakeFiles/STM32F103C8T6_WS2812.elf.dir/Core/Src/system_stm32f1xx.c.obj
                0x08001f78                AHBPrescTable
 .rodata.aPLLMULFactorTable.1
                0x08001f88       0x10 CMakeFiles/STM32F103C8T6_WS2812.elf.dir/Drivers/STM32F1xx_HAL_Driver/Src/stm32f1xx_hal_rcc.c.obj
 .rodata.aPredivFactorTable.0
                0x08001f98        0x2 CMakeFiles/STM32F103C8T6_WS2812.elf.dir/Drivers/STM32F1xx_HAL_Driver/Src/stm32f1xx_hal_rcc.c.obj
 *fill*         0x08001f9a        0x2 
 .rodata._global_impure_ptr
                0x08001f9c        0x4 d:/programdata/stm32cube/gcc-arm-none-eabi-10.3-2021.10/bin/../lib/gcc/arm-none-eabi/10.3.1/../../../../arm-none-eabi/lib/thumb/v7-m/nofp\libg.a(lib_a-impure.o)
                0x08001f9c                _global_impure_ptr
                0x08001fa0                . = ALIGN (0x4)

.rel.dyn        0x08001fa0        0x0
 .rel.iplt      0x08001fa0        0x0 d:/programdata/stm32cube/gcc-arm-none-eabi-10.3-2021.10/bin/../lib/gcc/arm-none-eabi/10.3.1/thumb/v7-m/nofp/crtbegin.o

.ARM.extab      0x08001fa0        0x0
                0x08001fa0                . = ALIGN (0x4)
 *(.ARM.extab* .gnu.linkonce.armextab.*)
                0x08001fa0                . = ALIGN (0x4)

.ARM            0x08001fa0        0x0
                0x08001fa0                . = ALIGN (0x4)
                0x08001fa0                __exidx_start = .
 *(.ARM.exidx*)
                0x08001fa0                __exidx_end = .
                0x08001fa0                . = ALIGN (0x4)

.preinit_array  0x08001fa0        0x0
                0x08001fa0                . = ALIGN (0x4)
                0x08001fa0                PROVIDE (__preinit_array_start = .)
 *(.preinit_array*)
                0x08001fa0                PROVIDE (__preinit_array_end = .)
                0x08001fa0                . = ALIGN (0x4)

.init_array     0x08001fa0        0x8
                0x08001fa0                . = ALIGN (0x4)
                0x08001fa0                PROVIDE (__init_array_start = .)
 *(SORT_BY_NAME(.init_array.*))
 .init_array.00000
                0x08001fa0        0x4 d:/programdata/stm32cube/gcc-arm-none-eabi-10.3-2021.10/bin/../lib/gcc/arm-none-eabi/10.3.1/../../../../arm-none-eabi/lib/thumb/v7-m/nofp\libg.a(lib_a-__call_atexit.o)
 *(.init_array*)
 .init_array    0x08001fa4        0x4 d:/programdata/stm32cube/gcc-arm-none-eabi-10.3-2021.10/bin/../lib/gcc/arm-none-eabi/10.3.1/thumb/v7-m/nofp/crtbegin.o
                0x08001fa8                PROVIDE (__init_array_end = .)
                0x08001fa8                . = ALIGN (0x4)

.fini_array     0x08001fa8        0x4
                0x08001fa8                . = ALIGN (0x4)
                0x08001fa8                PROVIDE (__fini_array_start = .)
 *(SORT_BY_NAME(.fini_array.*))
 *(.fini_array*)
 .fini_array    0x08001fa8        0x4 d:/programdata/stm32cube/gcc-arm-none-eabi-10.3-2021.10/bin/../lib/gcc/arm-none-eabi/10.3.1/thumb/v7-m/nofp/crtbegin.o
                0x08001fac                PROVIDE (__fini_array_end = .)
                0x08001fac                . = ALIGN (0x4)
                0x08001fac                _sidata = LOADADDR (.data)

.data           0x20000000      0x43c load address 0x08001fac
                0x20000000                . = ALIGN (0x4)
                0x20000000                _sdata = .
 *(.data)
 *(.data*)
 .data.SystemCoreClock
                0x20000000        0x4 CMakeFiles/STM32F103C8T6_WS2812.elf.dir/Core/Src/system_stm32f1xx.c.obj
                0x20000000                SystemCoreClock
 .data.uwTickFreq
                0x20000004        0x1 CMakeFiles/STM32F103C8T6_WS2812.elf.dir/Drivers/STM32F1xx_HAL_Driver/Src/stm32f1xx_hal.c.obj
                0x20000004                uwTickFreq
 *fill*         0x20000005        0x3 
 .data.uwTickPrio
                0x20000008        0x4 CMakeFiles/STM32F103C8T6_WS2812.elf.dir/Drivers/STM32F1xx_HAL_Driver/Src/stm32f1xx_hal.c.obj
                0x20000008                uwTickPrio
 *fill*         0x2000000c        0x4 
 .data.impure_data
                0x20000010      0x428 d:/programdata/stm32cube/gcc-arm-none-eabi-10.3-2021.10/bin/../lib/gcc/arm-none-eabi/10.3.1/../../../../arm-none-eabi/lib/thumb/v7-m/nofp\libg.a(lib_a-impure.o)
 .data.__atexit_recursive_mutex
                0x20000438        0x4 d:/programdata/stm32cube/gcc-arm-none-eabi-10.3-2021.10/bin/../lib/gcc/arm-none-eabi/10.3.1/../../../../arm-none-eabi/lib/thumb/v7-m/nofp\libg.a(lib_a-__call_atexit.o)
                0x20000438                __atexit_recursive_mutex
 *(.RamFunc)
 *(.RamFunc*)
                0x2000043c                . = ALIGN (0x4)
                0x2000043c                _edata = .

.igot.plt       0x2000043c        0x0 load address 0x080023e8
 .igot.plt      0x2000043c        0x0 d:/programdata/stm32cube/gcc-arm-none-eabi-10.3-2021.10/bin/../lib/gcc/arm-none-eabi/10.3.1/thumb/v7-m/nofp/crtbegin.o
                0x2000043c                . = ALIGN (0x4)

.bss            0x2000043c      0xb50 load address 0x080023e8
                0x2000043c                _sbss = .
                0x2000043c                __bss_start__ = _sbss
 *(.bss)
 .bss           0x2000043c       0x1c d:/programdata/stm32cube/gcc-arm-none-eabi-10.3-2021.10/bin/../lib/gcc/arm-none-eabi/10.3.1/thumb/v7-m/nofp/crtbegin.o
 *(.bss*)
 .bss.hdma_spi1_tx
                0x20000458       0x44 CMakeFiles/STM32F103C8T6_WS2812.elf.dir/Core/Src/spi.c.obj
                0x20000458                hdma_spi1_tx
 .bss.hspi1     0x2000049c       0x58 CMakeFiles/STM32F103C8T6_WS2812.elf.dir/Core/Src/spi.c.obj
                0x2000049c                hspi1
 .bss.uwTick    0x200004f4        0x4 CMakeFiles/STM32F103C8T6_WS2812.elf.dir/Drivers/STM32F1xx_HAL_Driver/Src/stm32f1xx_hal.c.obj
                0x200004f4                uwTick
 .bss.BLACK     0x200004f8        0x3 CMakeFiles/STM32F103C8T6_WS2812.elf.dir/USER/BSP/ws2812.c.obj
                0x200004f8                BLACK
 *fill*         0x200004fb        0x1 
 .bss.LED_BUFFER
                0x200004fc      0xa8a CMakeFiles/STM32F103C8T6_WS2812.elf.dir/USER/BSP/ws2812.c.obj
                0x200004fc                LED_BUFFER
 *fill*         0x20000f86        0x2 
 .bss.__lock___atexit_recursive_mutex
                0x20000f88        0x1 d:/programdata/stm32cube/gcc-arm-none-eabi-10.3-2021.10/bin/../lib/gcc/arm-none-eabi/10.3.1/../../../../arm-none-eabi/lib/thumb/v7-m/nofp\libg.a(lib_a-lock.o)
                0x20000f88                __lock___atexit_recursive_mutex
 *(COMMON)
                0x20000f8c                . = ALIGN (0x4)
 *fill*         0x20000f89        0x3 
                0x20000f8c                _ebss = .
                0x20000f8c                __bss_end__ = _ebss

._user_heap_stack
                0x20000f8c      0x604 load address 0x080023e8
                0x20000f90                . = ALIGN (0x8)
 *fill*         0x20000f8c        0x4 
                [!provide]                PROVIDE (end = .)
                0x20000f90                PROVIDE (_end = .)
                0x20001190                . = (. + _Min_Heap_Size)
 *fill*         0x20000f90      0x200 
                0x20001590                . = (. + _Min_Stack_Size)
 *fill*         0x20001190      0x400 
                0x20001590                . = ALIGN (0x8)

/DISCARD/
 libc.a(*)
 libm.a(*)
 libgcc.a(*)

.ARM.attributes
                0x00000000       0x29
 *(.ARM.attributes)
 .ARM.attributes
                0x00000000       0x1d d:/programdata/stm32cube/gcc-arm-none-eabi-10.3-2021.10/bin/../lib/gcc/arm-none-eabi/10.3.1/thumb/v7-m/nofp/crti.o
 .ARM.attributes
                0x0000001d       0x2d d:/programdata/stm32cube/gcc-arm-none-eabi-10.3-2021.10/bin/../lib/gcc/arm-none-eabi/10.3.1/thumb/v7-m/nofp/crtbegin.o
 .ARM.attributes
                0x0000004a       0x2d CMakeFiles/STM32F103C8T6_WS2812.elf.dir/Core/Src/dma.c.obj
 .ARM.attributes
                0x00000077       0x2d CMakeFiles/STM32F103C8T6_WS2812.elf.dir/Core/Src/gpio.c.obj
 .ARM.attributes
                0x000000a4       0x2d CMakeFiles/STM32F103C8T6_WS2812.elf.dir/Core/Src/main.c.obj
 .ARM.attributes
                0x000000d1       0x2d CMakeFiles/STM32F103C8T6_WS2812.elf.dir/Core/Src/spi.c.obj
 .ARM.attributes
                0x000000fe       0x2d CMakeFiles/STM32F103C8T6_WS2812.elf.dir/Core/Src/stm32f1xx_hal_msp.c.obj
 .ARM.attributes
                0x0000012b       0x2d CMakeFiles/STM32F103C8T6_WS2812.elf.dir/Core/Src/stm32f1xx_it.c.obj
 .ARM.attributes
                0x00000158       0x2d CMakeFiles/STM32F103C8T6_WS2812.elf.dir/Core/Src/system_stm32f1xx.c.obj
 .ARM.attributes
                0x00000185       0x21 CMakeFiles/STM32F103C8T6_WS2812.elf.dir/Core/Startup/startup_stm32f103c8tx.s.obj
 .ARM.attributes
                0x000001a6       0x2d CMakeFiles/STM32F103C8T6_WS2812.elf.dir/Drivers/STM32F1xx_HAL_Driver/Src/stm32f1xx_hal.c.obj
 .ARM.attributes
                0x000001d3       0x2d CMakeFiles/STM32F103C8T6_WS2812.elf.dir/Drivers/STM32F1xx_HAL_Driver/Src/stm32f1xx_hal_cortex.c.obj
 .ARM.attributes
                0x00000200       0x2d CMakeFiles/STM32F103C8T6_WS2812.elf.dir/Drivers/STM32F1xx_HAL_Driver/Src/stm32f1xx_hal_dma.c.obj
 .ARM.attributes
                0x0000022d       0x2d CMakeFiles/STM32F103C8T6_WS2812.elf.dir/Drivers/STM32F1xx_HAL_Driver/Src/stm32f1xx_hal_gpio.c.obj
 .ARM.attributes
                0x0000025a       0x2d CMakeFiles/STM32F103C8T6_WS2812.elf.dir/Drivers/STM32F1xx_HAL_Driver/Src/stm32f1xx_hal_rcc.c.obj
 .ARM.attributes
                0x00000287       0x2d CMakeFiles/STM32F103C8T6_WS2812.elf.dir/Drivers/STM32F1xx_HAL_Driver/Src/stm32f1xx_hal_spi.c.obj
 .ARM.attributes
                0x000002b4       0x2d CMakeFiles/STM32F103C8T6_WS2812.elf.dir/USER/BSP/ws2812.c.obj
 .ARM.attributes
                0x000002e1       0x1d d:/programdata/stm32cube/gcc-arm-none-eabi-10.3-2021.10/bin/../lib/gcc/arm-none-eabi/10.3.1/thumb/v7-m/nofp\libgcc.a(_arm_addsubsf3.o)
 .ARM.attributes
                0x000002fe       0x1d d:/programdata/stm32cube/gcc-arm-none-eabi-10.3-2021.10/bin/../lib/gcc/arm-none-eabi/10.3.1/thumb/v7-m/nofp\libgcc.a(_arm_muldivsf3.o)
 .ARM.attributes
                0x0000031b       0x1d d:/programdata/stm32cube/gcc-arm-none-eabi-10.3-2021.10/bin/../lib/gcc/arm-none-eabi/10.3.1/thumb/v7-m/nofp\libgcc.a(_arm_fixunssfsi.o)
 .ARM.attributes
                0x00000338       0x2d d:/programdata/stm32cube/gcc-arm-none-eabi-10.3-2021.10/bin/../lib/gcc/arm-none-eabi/10.3.1/../../../../arm-none-eabi/lib/thumb/v7-m/nofp\libg.a(lib_a-impure.o)
 .ARM.attributes
                0x00000365       0x2d d:/programdata/stm32cube/gcc-arm-none-eabi-10.3-2021.10/bin/../lib/gcc/arm-none-eabi/10.3.1/../../../../arm-none-eabi/lib/thumb/v7-m/nofp\libg.a(lib_a-init.o)
 .ARM.attributes
                0x00000392       0x2d d:/programdata/stm32cube/gcc-arm-none-eabi-10.3-2021.10/bin/../lib/gcc/arm-none-eabi/10.3.1/../../../../arm-none-eabi/lib/thumb/v7-m/nofp\libg.a(lib_a-memset.o)
 .ARM.attributes
                0x000003bf       0x2d d:/programdata/stm32cube/gcc-arm-none-eabi-10.3-2021.10/bin/../lib/gcc/arm-none-eabi/10.3.1/../../../../arm-none-eabi/lib/thumb/v7-m/nofp\libg.a(lib_a-__call_atexit.o)
 .ARM.attributes
                0x000003ec       0x2d d:/programdata/stm32cube/gcc-arm-none-eabi-10.3-2021.10/bin/../lib/gcc/arm-none-eabi/10.3.1/../../../../arm-none-eabi/lib/thumb/v7-m/nofp\libg.a(lib_a-atexit.o)
 .ARM.attributes
                0x00000419       0x2d d:/programdata/stm32cube/gcc-arm-none-eabi-10.3-2021.10/bin/../lib/gcc/arm-none-eabi/10.3.1/../../../../arm-none-eabi/lib/thumb/v7-m/nofp\libg.a(lib_a-fini.o)
 .ARM.attributes
                0x00000446       0x2d d:/programdata/stm32cube/gcc-arm-none-eabi-10.3-2021.10/bin/../lib/gcc/arm-none-eabi/10.3.1/../../../../arm-none-eabi/lib/thumb/v7-m/nofp\libg.a(lib_a-lock.o)
 .ARM.attributes
                0x00000473       0x2d d:/programdata/stm32cube/gcc-arm-none-eabi-10.3-2021.10/bin/../lib/gcc/arm-none-eabi/10.3.1/../../../../arm-none-eabi/lib/thumb/v7-m/nofp\libg.a(lib_a-__atexit.o)
 .ARM.attributes
                0x000004a0       0x1d d:/programdata/stm32cube/gcc-arm-none-eabi-10.3-2021.10/bin/../lib/gcc/arm-none-eabi/10.3.1/thumb/v7-m/nofp/crtn.o
OUTPUT(STM32F103C8T6_WS2812.elf elf32-littlearm)
LOAD linker stubs
LOAD d:/programdata/stm32cube/gcc-arm-none-eabi-10.3-2021.10/bin/../lib/gcc/arm-none-eabi/10.3.1/../../../../arm-none-eabi/lib/thumb/v7-m/nofp\libc.a
LOAD d:/programdata/stm32cube/gcc-arm-none-eabi-10.3-2021.10/bin/../lib/gcc/arm-none-eabi/10.3.1/../../../../arm-none-eabi/lib/thumb/v7-m/nofp\libm.a
LOAD d:/programdata/stm32cube/gcc-arm-none-eabi-10.3-2021.10/bin/../lib/gcc/arm-none-eabi/10.3.1/thumb/v7-m/nofp\libgcc.a

.debug_info     0x00000000     0x8934
 .debug_info    0x00000000      0x2f4 CMakeFiles/STM32F103C8T6_WS2812.elf.dir/Core/Src/dma.c.obj
 .debug_info    0x000002f4      0x17c CMakeFiles/STM32F103C8T6_WS2812.elf.dir/Core/Src/gpio.c.obj
 .debug_info    0x00000470      0x3ad CMakeFiles/STM32F103C8T6_WS2812.elf.dir/Core/Src/main.c.obj
 .debug_info    0x0000081d      0x8b9 CMakeFiles/STM32F103C8T6_WS2812.elf.dir/Core/Src/spi.c.obj
 .debug_info    0x000010d6      0x211 CMakeFiles/STM32F103C8T6_WS2812.elf.dir/Core/Src/stm32f1xx_hal_msp.c.obj
 .debug_info    0x000012e7      0x3b5 CMakeFiles/STM32F103C8T6_WS2812.elf.dir/Core/Src/stm32f1xx_it.c.obj
 .debug_info    0x0000169c      0x248 CMakeFiles/STM32F103C8T6_WS2812.elf.dir/Core/Src/system_stm32f1xx.c.obj
 .debug_info    0x000018e4       0x22 CMakeFiles/STM32F103C8T6_WS2812.elf.dir/Core/Startup/startup_stm32f103c8tx.s.obj
 .debug_info    0x00001906      0x7a8 CMakeFiles/STM32F103C8T6_WS2812.elf.dir/Drivers/STM32F1xx_HAL_Driver/Src/stm32f1xx_hal.c.obj
 .debug_info    0x000020ae      0xd8a CMakeFiles/STM32F103C8T6_WS2812.elf.dir/Drivers/STM32F1xx_HAL_Driver/Src/stm32f1xx_hal_cortex.c.obj
 .debug_info    0x00002e38      0x84b CMakeFiles/STM32F103C8T6_WS2812.elf.dir/Drivers/STM32F1xx_HAL_Driver/Src/stm32f1xx_hal_dma.c.obj
 .debug_info    0x00003683      0x66f CMakeFiles/STM32F103C8T6_WS2812.elf.dir/Drivers/STM32F1xx_HAL_Driver/Src/stm32f1xx_hal_gpio.c.obj
 .debug_info    0x00003cf2      0xa3b CMakeFiles/STM32F103C8T6_WS2812.elf.dir/Drivers/STM32F1xx_HAL_Driver/Src/stm32f1xx_hal_rcc.c.obj
 .debug_info    0x0000472d     0x1d75 CMakeFiles/STM32F103C8T6_WS2812.elf.dir/Drivers/STM32F1xx_HAL_Driver/Src/stm32f1xx_hal_spi.c.obj
 .debug_info    0x000064a2     0x2492 CMakeFiles/STM32F103C8T6_WS2812.elf.dir/USER/BSP/ws2812.c.obj

.debug_abbrev   0x00000000     0x1944
 .debug_abbrev  0x00000000      0x114 CMakeFiles/STM32F103C8T6_WS2812.elf.dir/Core/Src/dma.c.obj
 .debug_abbrev  0x00000114       0xbf CMakeFiles/STM32F103C8T6_WS2812.elf.dir/Core/Src/gpio.c.obj
 .debug_abbrev  0x000001d3      0x19b CMakeFiles/STM32F103C8T6_WS2812.elf.dir/Core/Src/main.c.obj
 .debug_abbrev  0x0000036e      0x1c9 CMakeFiles/STM32F103C8T6_WS2812.elf.dir/Core/Src/spi.c.obj
 .debug_abbrev  0x00000537       0xe5 CMakeFiles/STM32F103C8T6_WS2812.elf.dir/Core/Src/stm32f1xx_hal_msp.c.obj
 .debug_abbrev  0x0000061c      0x154 CMakeFiles/STM32F103C8T6_WS2812.elf.dir/Core/Src/stm32f1xx_it.c.obj
 .debug_abbrev  0x00000770      0x13e CMakeFiles/STM32F103C8T6_WS2812.elf.dir/Core/Src/system_stm32f1xx.c.obj
 .debug_abbrev  0x000008ae       0x12 CMakeFiles/STM32F103C8T6_WS2812.elf.dir/Core/Startup/startup_stm32f103c8tx.s.obj
 .debug_abbrev  0x000008c0      0x1f4 CMakeFiles/STM32F103C8T6_WS2812.elf.dir/Drivers/STM32F1xx_HAL_Driver/Src/stm32f1xx_hal.c.obj
 .debug_abbrev  0x00000ab4      0x341 CMakeFiles/STM32F103C8T6_WS2812.elf.dir/Drivers/STM32F1xx_HAL_Driver/Src/stm32f1xx_hal_cortex.c.obj
 .debug_abbrev  0x00000df5      0x223 CMakeFiles/STM32F103C8T6_WS2812.elf.dir/Drivers/STM32F1xx_HAL_Driver/Src/stm32f1xx_hal_dma.c.obj
 .debug_abbrev  0x00001018      0x1e6 CMakeFiles/STM32F103C8T6_WS2812.elf.dir/Drivers/STM32F1xx_HAL_Driver/Src/stm32f1xx_hal_gpio.c.obj
 .debug_abbrev  0x000011fe      0x27a CMakeFiles/STM32F103C8T6_WS2812.elf.dir/Drivers/STM32F1xx_HAL_Driver/Src/stm32f1xx_hal_rcc.c.obj
 .debug_abbrev  0x00001478      0x23b CMakeFiles/STM32F103C8T6_WS2812.elf.dir/Drivers/STM32F1xx_HAL_Driver/Src/stm32f1xx_hal_spi.c.obj
 .debug_abbrev  0x000016b3      0x291 CMakeFiles/STM32F103C8T6_WS2812.elf.dir/USER/BSP/ws2812.c.obj

.debug_aranges  0x00000000      0x6b0
 .debug_aranges
                0x00000000       0x20 CMakeFiles/STM32F103C8T6_WS2812.elf.dir/Core/Src/dma.c.obj
 .debug_aranges
                0x00000020       0x20 CMakeFiles/STM32F103C8T6_WS2812.elf.dir/Core/Src/gpio.c.obj
 .debug_aranges
                0x00000040       0x30 CMakeFiles/STM32F103C8T6_WS2812.elf.dir/Core/Src/main.c.obj
 .debug_aranges
                0x00000070       0x30 CMakeFiles/STM32F103C8T6_WS2812.elf.dir/Core/Src/spi.c.obj
 .debug_aranges
                0x000000a0       0x20 CMakeFiles/STM32F103C8T6_WS2812.elf.dir/Core/Src/stm32f1xx_hal_msp.c.obj
 .debug_aranges
                0x000000c0       0x68 CMakeFiles/STM32F103C8T6_WS2812.elf.dir/Core/Src/stm32f1xx_it.c.obj
 .debug_aranges
                0x00000128       0x28 CMakeFiles/STM32F103C8T6_WS2812.elf.dir/Core/Src/system_stm32f1xx.c.obj
 .debug_aranges
                0x00000150       0x28 CMakeFiles/STM32F103C8T6_WS2812.elf.dir/Core/Startup/startup_stm32f103c8tx.s.obj
 .debug_aranges
                0x00000178       0xe0 CMakeFiles/STM32F103C8T6_WS2812.elf.dir/Drivers/STM32F1xx_HAL_Driver/Src/stm32f1xx_hal.c.obj
 .debug_aranges
                0x00000258       0x90 CMakeFiles/STM32F103C8T6_WS2812.elf.dir/Drivers/STM32F1xx_HAL_Driver/Src/stm32f1xx_hal_cortex.c.obj
 .debug_aranges
                0x000002e8       0x80 CMakeFiles/STM32F103C8T6_WS2812.elf.dir/Drivers/STM32F1xx_HAL_Driver/Src/stm32f1xx_hal_dma.c.obj
 .debug_aranges
                0x00000368       0x58 CMakeFiles/STM32F103C8T6_WS2812.elf.dir/Drivers/STM32F1xx_HAL_Driver/Src/stm32f1xx_hal_gpio.c.obj
 .debug_aranges
                0x000003c0       0x90 CMakeFiles/STM32F103C8T6_WS2812.elf.dir/Drivers/STM32F1xx_HAL_Driver/Src/stm32f1xx_hal_rcc.c.obj
 .debug_aranges
                0x00000450      0x1d0 CMakeFiles/STM32F103C8T6_WS2812.elf.dir/Drivers/STM32F1xx_HAL_Driver/Src/stm32f1xx_hal_spi.c.obj
 .debug_aranges
                0x00000620       0x90 CMakeFiles/STM32F103C8T6_WS2812.elf.dir/USER/BSP/ws2812.c.obj

.debug_ranges   0x00000000      0x8e8
 .debug_ranges  0x00000000       0x10 CMakeFiles/STM32F103C8T6_WS2812.elf.dir/Core/Src/dma.c.obj
 .debug_ranges  0x00000010       0x10 CMakeFiles/STM32F103C8T6_WS2812.elf.dir/Core/Src/gpio.c.obj
 .debug_ranges  0x00000020       0x20 CMakeFiles/STM32F103C8T6_WS2812.elf.dir/Core/Src/main.c.obj
 .debug_ranges  0x00000040       0x20 CMakeFiles/STM32F103C8T6_WS2812.elf.dir/Core/Src/spi.c.obj
 .debug_ranges  0x00000060       0x10 CMakeFiles/STM32F103C8T6_WS2812.elf.dir/Core/Src/stm32f1xx_hal_msp.c.obj
 .debug_ranges  0x00000070       0x58 CMakeFiles/STM32F103C8T6_WS2812.elf.dir/Core/Src/stm32f1xx_it.c.obj
 .debug_ranges  0x000000c8       0x18 CMakeFiles/STM32F103C8T6_WS2812.elf.dir/Core/Src/system_stm32f1xx.c.obj
 .debug_ranges  0x000000e0       0x20 CMakeFiles/STM32F103C8T6_WS2812.elf.dir/Core/Startup/startup_stm32f103c8tx.s.obj
 .debug_ranges  0x00000100       0xd0 CMakeFiles/STM32F103C8T6_WS2812.elf.dir/Drivers/STM32F1xx_HAL_Driver/Src/stm32f1xx_hal.c.obj
 .debug_ranges  0x000001d0       0xe0 CMakeFiles/STM32F103C8T6_WS2812.elf.dir/Drivers/STM32F1xx_HAL_Driver/Src/stm32f1xx_hal_cortex.c.obj
 .debug_ranges  0x000002b0       0x70 CMakeFiles/STM32F103C8T6_WS2812.elf.dir/Drivers/STM32F1xx_HAL_Driver/Src/stm32f1xx_hal_dma.c.obj
 .debug_ranges  0x00000320       0x48 CMakeFiles/STM32F103C8T6_WS2812.elf.dir/Drivers/STM32F1xx_HAL_Driver/Src/stm32f1xx_hal_gpio.c.obj
 .debug_ranges  0x00000368       0xa0 CMakeFiles/STM32F103C8T6_WS2812.elf.dir/Drivers/STM32F1xx_HAL_Driver/Src/stm32f1xx_hal_rcc.c.obj
 .debug_ranges  0x00000408      0x1c0 CMakeFiles/STM32F103C8T6_WS2812.elf.dir/Drivers/STM32F1xx_HAL_Driver/Src/stm32f1xx_hal_spi.c.obj
 .debug_ranges  0x000005c8      0x320 CMakeFiles/STM32F103C8T6_WS2812.elf.dir/USER/BSP/ws2812.c.obj

.debug_line     0x00000000     0x784b
 .debug_line    0x00000000      0x208 CMakeFiles/STM32F103C8T6_WS2812.elf.dir/Core/Src/dma.c.obj
 .debug_line    0x00000208      0x1a9 CMakeFiles/STM32F103C8T6_WS2812.elf.dir/Core/Src/gpio.c.obj
 .debug_line    0x000003b1      0x3c0 CMakeFiles/STM32F103C8T6_WS2812.elf.dir/Core/Src/main.c.obj
 .debug_line    0x00000771      0x3da CMakeFiles/STM32F103C8T6_WS2812.elf.dir/Core/Src/spi.c.obj
 .debug_line    0x00000b4b      0x1bc CMakeFiles/STM32F103C8T6_WS2812.elf.dir/Core/Src/stm32f1xx_hal_msp.c.obj
 .debug_line    0x00000d07      0x33d CMakeFiles/STM32F103C8T6_WS2812.elf.dir/Core/Src/stm32f1xx_it.c.obj
 .debug_line    0x00001044      0x286 CMakeFiles/STM32F103C8T6_WS2812.elf.dir/Core/Src/system_stm32f1xx.c.obj
 .debug_line    0x000012ca       0xac CMakeFiles/STM32F103C8T6_WS2812.elf.dir/Core/Startup/startup_stm32f103c8tx.s.obj
 .debug_line    0x00001376      0x5c0 CMakeFiles/STM32F103C8T6_WS2812.elf.dir/Drivers/STM32F1xx_HAL_Driver/Src/stm32f1xx_hal.c.obj
 .debug_line    0x00001936      0x6a2 CMakeFiles/STM32F103C8T6_WS2812.elf.dir/Drivers/STM32F1xx_HAL_Driver/Src/stm32f1xx_hal_cortex.c.obj
 .debug_line    0x00001fd8      0xac3 CMakeFiles/STM32F103C8T6_WS2812.elf.dir/Drivers/STM32F1xx_HAL_Driver/Src/stm32f1xx_hal_dma.c.obj
 .debug_line    0x00002a9b      0x64a CMakeFiles/STM32F103C8T6_WS2812.elf.dir/Drivers/STM32F1xx_HAL_Driver/Src/stm32f1xx_hal_gpio.c.obj
 .debug_line    0x000030e5      0xc87 CMakeFiles/STM32F103C8T6_WS2812.elf.dir/Drivers/STM32F1xx_HAL_Driver/Src/stm32f1xx_hal_rcc.c.obj
 .debug_line    0x00003d6c     0x2531 CMakeFiles/STM32F103C8T6_WS2812.elf.dir/Drivers/STM32F1xx_HAL_Driver/Src/stm32f1xx_hal_spi.c.obj
 .debug_line    0x0000629d     0x15ae CMakeFiles/STM32F103C8T6_WS2812.elf.dir/USER/BSP/ws2812.c.obj

.debug_str      0x00000000     0x2186
 .debug_str     0x00000000      0x4e8 CMakeFiles/STM32F103C8T6_WS2812.elf.dir/Core/Src/dma.c.obj
                                0x52a (size before relaxing)
 .debug_str     0x000004e8       0x46 CMakeFiles/STM32F103C8T6_WS2812.elf.dir/Core/Src/gpio.c.obj
                                0x22f (size before relaxing)
 .debug_str     0x0000052e      0x20d CMakeFiles/STM32F103C8T6_WS2812.elf.dir/Core/Src/main.c.obj
                                0x3d8 (size before relaxing)
 .debug_str     0x0000073b      0x470 CMakeFiles/STM32F103C8T6_WS2812.elf.dir/Core/Src/spi.c.obj
                                0x6fe (size before relaxing)
 .debug_str     0x00000bab       0x80 CMakeFiles/STM32F103C8T6_WS2812.elf.dir/Core/Src/stm32f1xx_hal_msp.c.obj
                                0x269 (size before relaxing)
 .debug_str     0x00000c2b      0x109 CMakeFiles/STM32F103C8T6_WS2812.elf.dir/Core/Src/stm32f1xx_it.c.obj
                                0x490 (size before relaxing)
 .debug_str     0x00000d34       0xa4 CMakeFiles/STM32F103C8T6_WS2812.elf.dir/Core/Src/system_stm32f1xx.c.obj
                                0x29e (size before relaxing)
 .debug_str     0x00000dd8       0x5c CMakeFiles/STM32F103C8T6_WS2812.elf.dir/Core/Startup/startup_stm32f103c8tx.s.obj
                                 0x97 (size before relaxing)
 .debug_str     0x00000e34      0x32a CMakeFiles/STM32F103C8T6_WS2812.elf.dir/Drivers/STM32F1xx_HAL_Driver/Src/stm32f1xx_hal.c.obj
                                0x86e (size before relaxing)
 .debug_str     0x0000115e      0x3d8 CMakeFiles/STM32F103C8T6_WS2812.elf.dir/Drivers/STM32F1xx_HAL_Driver/Src/stm32f1xx_hal_cortex.c.obj
                                0x91d (size before relaxing)
 .debug_str     0x00001536      0x23b CMakeFiles/STM32F103C8T6_WS2812.elf.dir/Drivers/STM32F1xx_HAL_Driver/Src/stm32f1xx_hal_dma.c.obj
                                0x647 (size before relaxing)
 .debug_str     0x00001771      0x169 CMakeFiles/STM32F103C8T6_WS2812.elf.dir/Drivers/STM32F1xx_HAL_Driver/Src/stm32f1xx_hal_gpio.c.obj
                                0x44a (size before relaxing)
 .debug_str     0x000018da      0x21a CMakeFiles/STM32F103C8T6_WS2812.elf.dir/Drivers/STM32F1xx_HAL_Driver/Src/stm32f1xx_hal_rcc.c.obj
                                0x675 (size before relaxing)
 .debug_str     0x00001af4      0x54e CMakeFiles/STM32F103C8T6_WS2812.elf.dir/Drivers/STM32F1xx_HAL_Driver/Src/stm32f1xx_hal_spi.c.obj
                                0xbb1 (size before relaxing)
 .debug_str     0x00002042      0x144 CMakeFiles/STM32F103C8T6_WS2812.elf.dir/USER/BSP/ws2812.c.obj
                                0x709 (size before relaxing)

.comment        0x00000000       0x49
 .comment       0x00000000       0x49 CMakeFiles/STM32F103C8T6_WS2812.elf.dir/Core/Src/dma.c.obj
                                 0x4a (size before relaxing)
 .comment       0x00000049       0x4a CMakeFiles/STM32F103C8T6_WS2812.elf.dir/Core/Src/gpio.c.obj
 .comment       0x00000049       0x4a CMakeFiles/STM32F103C8T6_WS2812.elf.dir/Core/Src/main.c.obj
 .comment       0x00000049       0x4a CMakeFiles/STM32F103C8T6_WS2812.elf.dir/Core/Src/spi.c.obj
 .comment       0x00000049       0x4a CMakeFiles/STM32F103C8T6_WS2812.elf.dir/Core/Src/stm32f1xx_hal_msp.c.obj
 .comment       0x00000049       0x4a CMakeFiles/STM32F103C8T6_WS2812.elf.dir/Core/Src/stm32f1xx_it.c.obj
 .comment       0x00000049       0x4a CMakeFiles/STM32F103C8T6_WS2812.elf.dir/Core/Src/system_stm32f1xx.c.obj
 .comment       0x00000049       0x4a CMakeFiles/STM32F103C8T6_WS2812.elf.dir/Drivers/STM32F1xx_HAL_Driver/Src/stm32f1xx_hal.c.obj
 .comment       0x00000049       0x4a CMakeFiles/STM32F103C8T6_WS2812.elf.dir/Drivers/STM32F1xx_HAL_Driver/Src/stm32f1xx_hal_cortex.c.obj
 .comment       0x00000049       0x4a CMakeFiles/STM32F103C8T6_WS2812.elf.dir/Drivers/STM32F1xx_HAL_Driver/Src/stm32f1xx_hal_dma.c.obj
 .comment       0x00000049       0x4a CMakeFiles/STM32F103C8T6_WS2812.elf.dir/Drivers/STM32F1xx_HAL_Driver/Src/stm32f1xx_hal_gpio.c.obj
 .comment       0x00000049       0x4a CMakeFiles/STM32F103C8T6_WS2812.elf.dir/Drivers/STM32F1xx_HAL_Driver/Src/stm32f1xx_hal_rcc.c.obj
 .comment       0x00000049       0x4a CMakeFiles/STM32F103C8T6_WS2812.elf.dir/Drivers/STM32F1xx_HAL_Driver/Src/stm32f1xx_hal_spi.c.obj
 .comment       0x00000049       0x4a CMakeFiles/STM32F103C8T6_WS2812.elf.dir/USER/BSP/ws2812.c.obj

.debug_frame    0x00000000     0x12e0
 .debug_frame   0x00000000       0x2c CMakeFiles/STM32F103C8T6_WS2812.elf.dir/Core/Src/dma.c.obj
 .debug_frame   0x0000002c       0x28 CMakeFiles/STM32F103C8T6_WS2812.elf.dir/Core/Src/gpio.c.obj
 .debug_frame   0x00000054       0x58 CMakeFiles/STM32F103C8T6_WS2812.elf.dir/Core/Src/main.c.obj
 .debug_frame   0x000000ac       0x60 CMakeFiles/STM32F103C8T6_WS2812.elf.dir/Core/Src/spi.c.obj
 .debug_frame   0x0000010c       0x28 CMakeFiles/STM32F103C8T6_WS2812.elf.dir/Core/Src/stm32f1xx_hal_msp.c.obj
 .debug_frame   0x00000134       0xc0 CMakeFiles/STM32F103C8T6_WS2812.elf.dir/Core/Src/stm32f1xx_it.c.obj
 .debug_frame   0x000001f4       0x30 CMakeFiles/STM32F103C8T6_WS2812.elf.dir/Core/Src/system_stm32f1xx.c.obj
 .debug_frame   0x00000224      0x1cc CMakeFiles/STM32F103C8T6_WS2812.elf.dir/Drivers/STM32F1xx_HAL_Driver/Src/stm32f1xx_hal.c.obj
 .debug_frame   0x000003f0      0x118 CMakeFiles/STM32F103C8T6_WS2812.elf.dir/Drivers/STM32F1xx_HAL_Driver/Src/stm32f1xx_hal_cortex.c.obj
 .debug_frame   0x00000508      0x144 CMakeFiles/STM32F103C8T6_WS2812.elf.dir/Drivers/STM32F1xx_HAL_Driver/Src/stm32f1xx_hal_dma.c.obj
 .debug_frame   0x0000064c       0xe4 CMakeFiles/STM32F103C8T6_WS2812.elf.dir/Drivers/STM32F1xx_HAL_Driver/Src/stm32f1xx_hal_gpio.c.obj
 .debug_frame   0x00000730      0x184 CMakeFiles/STM32F103C8T6_WS2812.elf.dir/Drivers/STM32F1xx_HAL_Driver/Src/stm32f1xx_hal_rcc.c.obj
 .debug_frame   0x000008b4      0x5ac CMakeFiles/STM32F103C8T6_WS2812.elf.dir/Drivers/STM32F1xx_HAL_Driver/Src/stm32f1xx_hal_spi.c.obj
 .debug_frame   0x00000e60      0x1ec CMakeFiles/STM32F103C8T6_WS2812.elf.dir/USER/BSP/ws2812.c.obj
 .debug_frame   0x0000104c       0x4c d:/programdata/stm32cube/gcc-arm-none-eabi-10.3-2021.10/bin/../lib/gcc/arm-none-eabi/10.3.1/thumb/v7-m/nofp\libgcc.a(_arm_addsubsf3.o)
 .debug_frame   0x00001098       0x38 d:/programdata/stm32cube/gcc-arm-none-eabi-10.3-2021.10/bin/../lib/gcc/arm-none-eabi/10.3.1/thumb/v7-m/nofp\libgcc.a(_arm_muldivsf3.o)
 .debug_frame   0x000010d0       0x24 d:/programdata/stm32cube/gcc-arm-none-eabi-10.3-2021.10/bin/../lib/gcc/arm-none-eabi/10.3.1/thumb/v7-m/nofp\libgcc.a(_arm_fixunssfsi.o)
 .debug_frame   0x000010f4       0x2c d:/programdata/stm32cube/gcc-arm-none-eabi-10.3-2021.10/bin/../lib/gcc/arm-none-eabi/10.3.1/../../../../arm-none-eabi/lib/thumb/v7-m/nofp\libg.a(lib_a-init.o)
 .debug_frame   0x00001120       0x2c d:/programdata/stm32cube/gcc-arm-none-eabi-10.3-2021.10/bin/../lib/gcc/arm-none-eabi/10.3.1/../../../../arm-none-eabi/lib/thumb/v7-m/nofp\libg.a(lib_a-memset.o)
 .debug_frame   0x0000114c       0x5c d:/programdata/stm32cube/gcc-arm-none-eabi-10.3-2021.10/bin/../lib/gcc/arm-none-eabi/10.3.1/../../../../arm-none-eabi/lib/thumb/v7-m/nofp\libg.a(lib_a-__call_atexit.o)
 .debug_frame   0x000011a8       0x20 d:/programdata/stm32cube/gcc-arm-none-eabi-10.3-2021.10/bin/../lib/gcc/arm-none-eabi/10.3.1/../../../../arm-none-eabi/lib/thumb/v7-m/nofp\libg.a(lib_a-atexit.o)
 .debug_frame   0x000011c8       0x34 d:/programdata/stm32cube/gcc-arm-none-eabi-10.3-2021.10/bin/../lib/gcc/arm-none-eabi/10.3.1/../../../../arm-none-eabi/lib/thumb/v7-m/nofp\libg.a(lib_a-fini.o)
 .debug_frame   0x000011fc       0xb0 d:/programdata/stm32cube/gcc-arm-none-eabi-10.3-2021.10/bin/../lib/gcc/arm-none-eabi/10.3.1/../../../../arm-none-eabi/lib/thumb/v7-m/nofp\libg.a(lib_a-lock.o)
 .debug_frame   0x000012ac       0x34 d:/programdata/stm32cube/gcc-arm-none-eabi-10.3-2021.10/bin/../lib/gcc/arm-none-eabi/10.3.1/../../../../arm-none-eabi/lib/thumb/v7-m/nofp\libg.a(lib_a-__atexit.o)

.debug_loc      0x00000000     0x439c
 .debug_loc     0x00000000       0x71 CMakeFiles/STM32F103C8T6_WS2812.elf.dir/Core/Src/spi.c.obj
 .debug_loc     0x00000071       0x15 CMakeFiles/STM32F103C8T6_WS2812.elf.dir/Core/Src/stm32f1xx_hal_msp.c.obj
 .debug_loc     0x00000086       0xff CMakeFiles/STM32F103C8T6_WS2812.elf.dir/Core/Src/system_stm32f1xx.c.obj
 .debug_loc     0x00000185      0x141 CMakeFiles/STM32F103C8T6_WS2812.elf.dir/Drivers/STM32F1xx_HAL_Driver/Src/stm32f1xx_hal.c.obj
 .debug_loc     0x000002c6      0x71f CMakeFiles/STM32F103C8T6_WS2812.elf.dir/Drivers/STM32F1xx_HAL_Driver/Src/stm32f1xx_hal_cortex.c.obj
 .debug_loc     0x000009e5      0x7d1 CMakeFiles/STM32F103C8T6_WS2812.elf.dir/Drivers/STM32F1xx_HAL_Driver/Src/stm32f1xx_hal_dma.c.obj
 .debug_loc     0x000011b6      0x47d CMakeFiles/STM32F103C8T6_WS2812.elf.dir/Drivers/STM32F1xx_HAL_Driver/Src/stm32f1xx_hal_gpio.c.obj
 .debug_loc     0x00001633      0x618 CMakeFiles/STM32F103C8T6_WS2812.elf.dir/Drivers/STM32F1xx_HAL_Driver/Src/stm32f1xx_hal_rcc.c.obj
 .debug_loc     0x00001c4b     0x1e2f CMakeFiles/STM32F103C8T6_WS2812.elf.dir/Drivers/STM32F1xx_HAL_Driver/Src/stm32f1xx_hal_spi.c.obj
 .debug_loc     0x00003a7a      0x922 CMakeFiles/STM32F103C8T6_WS2812.elf.dir/USER/BSP/ws2812.c.obj
